  Maps: 6 reseñas (0 tarjetas DOM)
✓ Google: 16 reseñas en /Users/kevin/Desktop/lofthouse14-app/src/app/scrapper/reviews/reseñas_google.json (actualizado 2026-08-12)
  Booking: 81 reseñas en scrape en vivo
✓ Booking: 80 reseñas en /Users/kevin/Desktop/lofthouse14-app/src/app/scrapper/reviews/reseñas_booking.json (actualizado 2026-08-12)
→ Loft 01 (1479067707167069626)…
   24 reseñas en esta pasada
→ Loft 02 (1479093662409217655)…
   24 reseñas en esta pasada
→ Loft 03 (1479098441611219286)…
Traceback (most recent call last):
  File "/Users/kevin/Desktop/lofthouse14-app/src/app/scrapper/airbnbReviewsScrapper.py", line 231, in <module>
    main()
    ~~~~^^
  File "/Users/kevin/Desktop/lofthouse14-app/src/app/scrapper/airbnbReviewsScrapper.py", line 204, in main
    chunk = scrape_listing(page, listing)
  File "/Users/kevin/Desktop/lofthouse14-app/src/app/scrapper/airbnbReviewsScrapper.py", line 147, in scrape_listing
    page.goto(listing["url"], wait_until="domcontentloaded", timeout=90000)
    ~~~~~~~~~^^^^^^^^^^^^^^^^^^^^^^^^^^^^^^^^^^^^^^^^^^^^^^^^^^^^^^^^^^^^^^
  File "/Users/kevin/Desktop/lofthouse14-app/src/app/scrapper/.venv/lib/python3.13/site-packages/playwright/sync_api/_generated.py", line 9875, in goto
    self._sync(
    ~~~~~~~~~~^
        self._impl_obj.goto(
        ^^^^^^^^^^^^^^^^^^^^
    ...<4 lines>...
        )
        ^
    )
    ^
  File "/Users/kevin/Desktop/lofthouse14-app/src/app/scrapper/.venv/lib/python3.13/site-packages/playwright/_impl/_sync_base.py", line 115, in _sync
    return task.result()
           ~~~~~~~~~~~^^
  File "/Users/kevin/Desktop/lofthouse14-app/src/app/scrapper/.venv/lib/python3.13/site-packages/playwright/_impl/_page.py", line 560, in goto
    return await self._main_frame.goto(**locals_to_params(locals()))
           ^^^^^^^^^^^^^^^^^^^^^^^^^^^^^^^^^^^^^^^^^^^^^^^^^^^^^^^^^
  File "/Users/kevin/Desktop/lofthouse14-app/src/app/scrapper/.venv/lib/python3.13/site-packages/playwright/_impl/_frame.py", line 156, in goto
    await self._channel.send(
        "goto", self._navigation_timeout, locals_to_params(locals())
    )
  File "/Users/kevin/Desktop/lofthouse14-app/src/app/scrapper/.venv/lib/python3.13/site-packages/playwright/_impl/_connection.py", line 76, in send
    return await self._connection.wrap_api_call(
           ^^^^^^^^^^^^^^^^^^^^^^^^^^^^^^^^^^^^^
    ...<3 lines>...
    )
    ^
  File "/Users/kevin/Desktop/lofthouse14-app/src/app/scrapper/.venv/lib/python3.13/site-packages/playwright/_impl/_connection.py", line 632, in wrap_api_call
    raise rewrite_error(error, f"{parsed_st['apiName']}: {error}") from None
playwright._impl._errors.Error: Page.goto: net::ERR_FAILED at https://www.airbnb.com.co/rooms/1479098441611219286
Call log:
  - navigating to "https://www.airbnb.com.co/rooms/1479098441611219286", waiting until "domcontentloaded"


=== Google ===

=== Booking ===

=== Airbnb ===
✗ Airbnb terminó con código 1
EXIT=0
